QQmlApplicationEngine failed to load component
qrc:/qml/Main.qml:2:1: module "QtQuick.Controls" version 6.11 cannot be imported because:
module "QtQuick.Controls.Windows" version 6.11 cannot be imported because:
Cannot load library C:\XiaoQinTools\dist\qml\QtQuick\Controls\Basic\qtquickcontrols2basicstyleplugin.dll: 找不到指定的模块。
qrc:/qml/Main.qml: module "QtQuick.Controls.Windows" version 6.11 cannot be imported because:
Cannot load library C:\XiaoQinTools\dist\qml\QtQuick\Controls\Basic\qtquickcontrols2basicstyleplugin.dll: 找不到指定的模块。
qrc:/qml/Main.qml: Cannot load library C:\XiaoQinTools\dist\qml\QtQuick\Controls\Basic\qtquickcontrols2basicstyleplugin.dll: 找不到指定的模块。
qrc:/qml/Main.qml: module "QtQuick.Controls.Windows" version 6.11 cannot be imported because:
Cannot load library C:\XiaoQinTools\dist\qml\QtQuick\Controls\Basic\qtquickcontrols2basicstyleplugin.dll: 找不到指定的模块。
qrc:/qml/Main.qml: Cannot load library C:\XiaoQinTools\dist\qml\QtQuick\Controls\Basic\qtquickcontrols2basicstyleplugin.dll: 找不到指定的模块。
qrc:/qml/Main.qml: module "QtQuick.Controls" version 6.11 cannot be imported because:
module "QtQuick.Controls.Windows" version 6.11 cannot be imported because:
Cannot load library C:\XiaoQinTools\dist\qml\QtQuick\Controls\Basic\qtquickcontrols2basicstyleplugin.dll: 找不到指定的模块。
qrc:/qml/Main.qml: module "QtQuick.Controls.Windows" version 6.11 cannot be imported because:
Cannot load library C:\XiaoQinTools\dist\qml\QtQuick\Controls\Basic\qtquickcontrols2basicstyleplugin.dll: 找不到指定的模块。
qrc:/qml/Main.qml: Cannot load library C:\XiaoQinTools\dist\qml\QtQuick\Controls\Basic\qtquickcontrols2basicstyleplugin.dll: 找不到指定的模块。
qrc:/qml/Main.qml: module "QtQuick.Controls.Windows" version 6.11 cannot be imported because:
Cannot load library C:\XiaoQinTools\dist\qml\QtQuick\Controls\Basic\qtquickcontrols2basicstyleplugin.dll: 找不到指定的模块。
qrc:/qml/Main.qml: Cannot load library C:\XiaoQinTools\dist\qml\QtQuick\Controls\Basic\qtquickcontrols2basicstyleplugin.dll: 找不到指定的模块。
qrc:/qml/Main.qml: Failed to load dependent import "QtQuick.Controls.Basic" version 6.11
qrc:/qml/Main.qml: Failed to load dependencies for module "QtQuick.Controls.Windows" version 6.11
qrc:/qml/Main.qml: Failed to load dependent import "QtQuick.Controls.Basic" version 6.11
qrc:/qml/Main.qml: Failed to load dependencies for module "QtQuick.Controls.Windows" version 6.11
qrc:/qml/Main.qml: Failed to load dependent import "QtQuick.Controls.Windows" version 6.11
qrc:/qml/Main.qml: Failed to load dependencies for module "QtQuick.Controls" version 6.11
qrc:/qml/Main.qml: Failed to load dependent import "QtQuick.Controls.Basic" version 6.11
qrc:/qml/Main.qml: Failed to load dependencies for module "QtQuick.Controls.Windows" version 6.11
qrc:/qml/Main.qml: Failed to load dependent import "QtQuick.Controls.Basic" version 6.11
qrc:/qml/Main.qml: Failed to load dependencies for module "QtQuick.Controls.Windows" version 6.11
qrc:/qml/Main.qml: Failed to load dependent import "QtQuick.Controls.Windows" version 6.11
qrc:/qml/Main.qml: Failed to load dependencies for module "QtQuick.Controls" version 6.11
